/Library/Frameworks/Python.framework/Versions/3.12/Resources/Python.app/Contents/MacOS/Python: can't open file '/Users/rino/jarvis_ai/jarvis_ui.py': [Errno 2] No such file or directory
/Library/Frameworks/Python.framework/Versions/3.12/Resources/Python.app/Contents/MacOS/Python: can't open file '/Users/rino/jarvis_ai/jarvis_ui.py': [Errno 2] No such file or directory
/Library/Frameworks/Python.framework/Versions/3.12/Resources/Python.app/Contents/MacOS/Python: can't open file '/Users/rino/jarvis_ai/jarvis_ui.py': [Errno 2] No such file or directory
/Library/Frameworks/Python.framework/Versions/3.12/Resources/Python.app/Contents/MacOS/Python: can't open file '/Users/rino/jarvis_ai/jarvis_ui.py': [Errno 2] No such file or directory
/Library/Frameworks/Python.framework/Versions/3.12/Resources/Python.app/Contents/MacOS/Python: can't open file '/Users/rino/jarvis_ai/jarvis_ui.py': [Errno 2] No such file or directory
/Library/Frameworks/Python.framework/Versions/3.12/Resources/Python.app/Contents/MacOS/Python: can't open file '/Users/rino/jarvis_ai/jarvis_ui.py': [Errno 2] No such file or directory
/Library/Frameworks/Python.framework/Versions/3.12/Resources/Python.app/Contents/MacOS/Python: can't open file '/Users/rino/jarvis_ai/jarvis_ui.py': [Errno 2] No such file or directory
/Library/Frameworks/Python.framework/Versions/3.12/Resources/Python.app/Contents/MacOS/Python: can't open file '/Users/rino/jarvis_ai/jarvis_ui.py': [Errno 2] No such file or directory
/Library/Frameworks/Python.framework/Versions/3.12/Resources/Python.app/Contents/MacOS/Python: can't open file '/Users/rino/jarvis_ai/jarvis_ui.py': [Errno 2] No such file or directory
  File "/Users/rino/jarvis_ai/jarvis_ui.py", line 396
    Jarvis floating UI — Ironman amber/gold, notch-style.
                       ^
SyntaxError: invalid character '—' (U+2014)
  File "/Users/rino/jarvis_ai/jarvis_ui.py", line 396
    Jarvis floating UI — Ironman amber/gold, notch-style.
                       ^
SyntaxError: invalid character '—' (U+2014)
  File "/Users/rino/jarvis_ai/jarvis_ui.py", line 396
    Jarvis floating UI — Ironman amber/gold, notch-style.
                       ^
SyntaxError: invalid character '—' (U+2014)
  File "/Users/rino/jarvis_ai/jarvis_ui.py", line 396
    Jarvis floating UI — Ironman amber/gold, notch-style.
                       ^
SyntaxError: invalid character '—' (U+2014)
  File "/Users/rino/jarvis_ai/jarvis_ui.py", line 396
    Jarvis floating UI — Ironman amber/gold, notch-style.
                       ^
SyntaxError: invalid character '—' (U+2014)
  File "/Users/rino/jarvis_ai/jarvis_ui.py", line 396
    Jarvis floating UI — Ironman amber/gold, notch-style.
                       ^
SyntaxError: invalid character '—' (U+2014)
  File "/Users/rino/jarvis_ai/jarvis_ui.py", line 396
    Jarvis floating UI — Ironman amber/gold, notch-style.
                       ^
SyntaxError: invalid character '—' (U+2014)
  File "/Users/rino/jarvis_ai/jarvis_ui.py", line 396
    Jarvis floating UI — Ironman amber/gold, notch-style.
                       ^
SyntaxError: invalid character '—' (U+2014)
  File "/Users/rino/jarvis_ai/jarvis_ui.py", line 396
    Jarvis floating UI — Ironman amber/gold, notch-style.
                       ^
SyntaxError: invalid character '—' (U+2014)
  File "/Users/rino/jarvis_ai/jarvis_ui.py", line 396
    Jarvis floating UI — Ironman amber/gold, notch-style.
                       ^
SyntaxError: invalid character '—' (U+2014)
  File "/Users/rino/jarvis_ai/jarvis_ui.py", line 396
    Jarvis floating UI — Ironman amber/gold, notch-style.
                       ^
SyntaxError: invalid character '—' (U+2014)
  File "/Users/rino/jarvis_ai/jarvis_ui.py", line 396
    Jarvis floating UI — Ironman amber/gold, notch-style.
                       ^
SyntaxError: invalid character '—' (U+2014)
  File "/Users/rino/jarvis_ai/jarvis_ui.py", line 396
    Jarvis floating UI — Ironman amber/gold, notch-style.
                       ^
SyntaxError: invalid character '—' (U+2014)
  File "/Users/rino/jarvis_ai/jarvis_ui.py", line 396
    Jarvis floating UI — Ironman amber/gold, notch-style.
                       ^
SyntaxError: invalid character '—' (U+2014)
  File "/Users/rino/jarvis_ai/jarvis_ui.py", line 396
    Jarvis floating UI — Ironman amber/gold, notch-style.
                       ^
SyntaxError: invalid character '—' (U+2014)
  File "/Users/rino/jarvis_ai/jarvis_ui.py", line 396
    Jarvis floating UI — Ironman amber/gold, notch-style.
                       ^
SyntaxError: invalid character '—' (U+2014)
  File "/Users/rino/jarvis_ai/jarvis_ui.py", line 396
    Jarvis floating UI — Ironman amber/gold, notch-style.
                       ^
SyntaxError: invalid character '—' (U+2014)
  File "/Users/rino/jarvis_ai/jarvis_ui.py", line 396
    Jarvis floating UI — Ironman amber/gold, notch-style.
                       ^
SyntaxError: invalid character '—' (U+2014)
  File "/Users/rino/jarvis_ai/jarvis_ui.py", line 396
    Jarvis floating UI — Ironman amber/gold, notch-style.
                       ^
SyntaxError: invalid character '—' (U+2014)
  File "/Users/rino/jarvis_ai/jarvis_ui.py", line 396
    Jarvis floating UI — Ironman amber/gold, notch-style.
                       ^
SyntaxError: invalid character '—' (U+2014)
  File "/Users/rino/jarvis_ai/jarvis_ui.py", line 396
    Jarvis floating UI — Ironman amber/gold, notch-style.
                       ^
SyntaxError: invalid character '—' (U+2014)
  File "/Users/rino/jarvis_ai/jarvis_ui.py", line 396
    Jarvis floating UI — Ironman amber/gold, notch-style.
                       ^
SyntaxError: invalid character '—' (U+2014)
  File "/Users/rino/jarvis_ai/jarvis_ui.py", line 396
    Jarvis floating UI — Ironman amber/gold, notch-style.
                       ^
SyntaxError: invalid character '—' (U+2014)
/Library/Frameworks/Python.framework/Versions/3.12/Resources/Python.app/Contents/MacOS/Python: can't open file '/Users/rino/jarvis_ai/jarvis_ui.py': [Errno 2] No such file or directory
/Library/Frameworks/Python.framework/Versions/3.12/Resources/Python.app/Contents/MacOS/Python: can't open file '/Users/rino/jarvis_ai/jarvis_ui.py': [Errno 2] No such file or directory
/Library/Frameworks/Python.framework/Versions/3.12/Resources/Python.app/Contents/MacOS/Python: can't open file '/Users/rino/jarvis_ai/jarvis_ui.py': [Errno 2] No such file or directory
/Library/Frameworks/Python.framework/Versions/3.12/Resources/Python.app/Contents/MacOS/Python: can't open file '/Users/rino/jarvis_ai/jarvis_ui.py': [Errno 2] No such file or directory
/Library/Frameworks/Python.framework/Versions/3.12/Resources/Python.app/Contents/MacOS/Python: can't open file '/Users/rino/jarvis_ai/jarvis_ui.py': [Errno 2] No such file or directory
/Library/Frameworks/Python.framework/Versions/3.12/Resources/Python.app/Contents/MacOS/Python: can't open file '/Users/rino/jarvis_ai/jarvis_ui.py': [Errno 2] No such file or directory
/Library/Frameworks/Python.framework/Versions/3.12/Resources/Python.app/Contents/MacOS/Python: can't open file '/Users/rino/jarvis_ai/jarvis_ui.py': [Errno 2] No such file or directory
/Library/Frameworks/Python.framework/Versions/3.12/Resources/Python.app/Contents/MacOS/Python: can't open file '/Users/rino/jarvis_ai/jarvis_ui.py': [Errno 2] No such file or directory
/Library/Frameworks/Python.framework/Versions/3.12/Resources/Python.app/Contents/MacOS/Python: can't open file '/Users/rino/jarvis_ai/jarvis_ui.py': [Errno 2] No such file or directory
/Library/Frameworks/Python.framework/Versions/3.12/Resources/Python.app/Contents/MacOS/Python: can't open file '/Users/rino/jarvis_ai/jarvis_ui.py': [Errno 2] No such file or directory
/Library/Frameworks/Python.framework/Versions/3.12/Resources/Python.app/Contents/MacOS/Python: can't open file '/Users/rino/jarvis_ai/jarvis_ui.py': [Errno 2] No such file or directory
/Library/Frameworks/Python.framework/Versions/3.12/Resources/Python.app/Contents/MacOS/Python: can't open file '/Users/rino/jarvis_ai/jarvis_ui.py': [Errno 2] No such file or directory
/Library/Frameworks/Python.framework/Versions/3.12/Resources/Python.app/Contents/MacOS/Python: can't open file '/Users/rino/jarvis_ai/jarvis_ui.py': [Errno 2] No such file or directory
/Library/Frameworks/Python.framework/Versions/3.12/Resources/Python.app/Contents/MacOS/Python: can't open file '/Users/rino/jarvis_ai/jarvis_ui.py': [Errno 2] No such file or directory
/Library/Frameworks/Python.framework/Versions/3.12/Resources/Python.app/Contents/MacOS/Python: can't open file '/Users/rino/jarvis_ai/jarvis_ui.py': [Errno 2] No such file or directory
/Library/Frameworks/Python.framework/Versions/3.12/Resources/Python.app/Contents/MacOS/Python: can't open file '/Users/rino/jarvis_ai/jarvis_ui.py': [Errno 2] No such file or directory
/Library/Frameworks/Python.framework/Versions/3.12/Resources/Python.app/Contents/MacOS/Python: can't open file '/Users/rino/jarvis_ai/jarvis_ui.py': [Errno 2] No such file or directory
/Library/Frameworks/Python.framework/Versions/3.12/Resources/Python.app/Contents/MacOS/Python: can't open file '/Users/rino/jarvis_ai/jarvis_ui.py': [Errno 2] No such file or directory
/Library/Frameworks/Python.framework/Versions/3.12/Resources/Python.app/Contents/MacOS/Python: can't open file '/Users/rino/jarvis_ai/jarvis_ui.py': [Errno 2] No such file or directory
/Library/Frameworks/Python.framework/Versions/3.12/Resources/Python.app/Contents/MacOS/Python: can't open file '/Users/rino/jarvis_ai/jarvis_ui.py': [Errno 2] No such file or directory
/Library/Frameworks/Python.framework/Versions/3.12/Resources/Python.app/Contents/MacOS/Python: can't open file '/Users/rino/jarvis_ai/jarvis_ui.py': [Errno 2] No such file or directory
/Library/Frameworks/Python.framework/Versions/3.12/Resources/Python.app/Contents/MacOS/Python: can't open file '/Users/rino/jarvis_ai/jarvis_ui.py': [Errno 2] No such file or directory
/Library/Frameworks/Python.framework/Versions/3.12/Resources/Python.app/Contents/MacOS/Python: can't open file '/Users/rino/jarvis_ai/jarvis_ui.py': [Errno 2] No such file or directory
